
> studio-portfolio@1.0.0 build
> vite build

[36mvite v5.4.21 [32mbuilding for production...[36m[39m
transforming...
[32m✓[39m 520 modules transformed.
[2mdist/[22m[32msitemap.xml.gz     [39m[1m[2m0.38 kB[1m[22m
[2mdist/[22m[32msitemap.xml.br     [39m[1m[2m0.29 kB[1m[22m
[31mx[39m Build failed in 3.58s
[31merror during build:
[31m[vite]: Rollup failed to resolve import "@radix-ui/react-slot" from "C:/Users/Sripada Studios/Documents/ssstudio/src/components/ui/button.tsx".
This is most likely unintended because it can break your application at runtime.
If you do want to externalize this module explicitly add it to
`build.rollupOptions.external`[31m
    at viteWarn (file:///C:/Users/Sripada%20Studios/Documents/ssstudio/node_modules/vite/dist/node/chunks/dep-BK3b2jBa.js:65855:17)
    at onwarn (file:///C:/Users/Sripada%20Studios/Documents/ssstudio/node_modules/@vitejs/plugin-react/dist/index.js:90:7)
    at onRollupWarning (file:///C:/Users/Sripada%20Studios/Documents/ssstudio/node_modules/vite/dist/node/chunks/dep-BK3b2jBa.js:65885:5)
    at onwarn (file:///C:/Users/Sripada%20Studios/Documents/ssstudio/node_modules/vite/dist/node/chunks/dep-BK3b2jBa.js:65550:7)
    at file:///C:/Users/Sripada%20Studios/Documents/ssstudio/node_modules/rollup/dist/es/shared/node-entry.js:20972:13
    at Object.logger [as onLog] (file:///C:/Users/Sripada%20Studios/Documents/ssstudio/node_modules/rollup/dist/es/shared/node-entry.js:22945:9)
    at ModuleLoader.handleInvalidResolvedId (file:///C:/Users/Sripada%20Studios/Documents/ssstudio/node_modules/rollup/dist/es/shared/node-entry.js:21689:26)
    at file:///C:/Users/Sripada%20Studios/Documents/ssstudio/node_modules/rollup/dist/es/shared/node-entry.js:21647:26[39m
